g++ -c -pipe -O2 -Wall -W -D_REENTRANT -fPIE -DQT_NO_DEBUG -DQT_QUICK_LIB -DQT_QML_LIB -DQT_NETWORK_LIB -DQT_GUI_LIB -DQT_CORE_LIB -I../qt/qt5.2/5.3/gcc_64/mkspecs/linux-g++ -I. -I../qt/qt5.2/5.3/gcc_64/include -I../qt/qt5.2/5.3/gcc_64/include/QtQuick -I../qt/qt5.2/5.3/gcc_64/include/QtQml -I../qt/qt5.2/5.3/gcc_64/include/QtNetwork -I../qt/qt5.2/5.3/gcc_64/include/QtGui -I../qt/qt5.2/5.3/gcc_64/include/QtCore -I. -o squircle.o squircle.cpp
g++ -c -pipe -O2 -Wall -W -D_REENTRANT -fPIE -DQT_NO_DEBUG -DQT_QUICK_LIB -DQT_QML_LIB -DQT_NETWORK_LIB -DQT_GUI_LIB -DQT_CORE_LIB -I../qt/qt5.2/5.3/gcc_64/mkspecs/linux-g++ -I. -I../qt/qt5.2/5.3/gcc_64/include -I../qt/qt5.2/5.3/gcc_64/include/QtQuick -I../qt/qt5.2/5.3/gcc_64/include/QtQml -I../qt/qt5.2/5.3/gcc_64/include/QtNetwork -I../qt/qt5.2/5.3/gcc_64/include/QtGui -I../qt/qt5.2/5.3/gcc_64/include/QtCore -I. -o main.o main.cpp
/home/kakadu/mand/prog/qt/qt5.2/5.3/gcc_64/bin/rcc -name openglunderqml openglunderqml.qrc -o qrc_openglunderqml.cpp
g++ -c -pipe -O2 -Wall -W -D_REENTRANT -fPIE -DQT_NO_DEBUG -DQT_QUICK_LIB -DQT_QML_LIB -DQT_NETWORK_LIB -DQT_GUI_LIB -DQT_CORE_LIB -I../qt/qt5.2/5.3/gcc_64/mkspecs/linux-g++ -I. -I../qt/qt5.2/5.3/gcc_64/include -I../qt/qt5.2/5.3/gcc_64/include/QtQuick -I../qt/qt5.2/5.3/gcc_64/include/QtQml -I../qt/qt5.2/5.3/gcc_64/include/QtNetwork -I../qt/qt5.2/5.3/gcc_64/include/QtGui -I../qt/qt5.2/5.3/gcc_64/include/QtCore -I. -o qrc_openglunderqml.o qrc_openglunderqml.cpp
/home/kakadu/mand/prog/qt/qt5.2/5.3/gcc_64/bin/moc -DQT_NO_DEBUG -DQT_QUICK_LIB -DQT_QML_LIB -DQT_NETWORK_LIB -DQT_GUI_LIB -DQT_CORE_LIB -I/home/kakadu/mand/prog/qt/qt5.2/5.3/gcc_64/mkspecs/linux-g++ -I/media/mand/prog/openglunderqml -I/home/kakadu/mand/prog/qt/qt5.2/5.3/gcc_64/include -I/home/kakadu/mand/prog/qt/qt5.2/5.3/gcc_64/include/QtQuick -I/home/kakadu/mand/prog/qt/qt5.2/5.3/gcc_64/include/QtQml -I/home/kakadu/mand/prog/qt/qt5.2/5.3/gcc_64/include/QtNetwork -I/home/kakadu/mand/prog/qt/qt5.2/5.3/gcc_64/include/QtGui -I/home/kakadu/mand/prog/qt/qt5.2/5.3/gcc_64/include/QtCore squircle.h -o moc_squircle.cpp
g++ -c -pipe -O2 -Wall -W -D_REENTRANT -fPIE -DQT_NO_DEBUG -DQT_QUICK_LIB -DQT_QML_LIB -DQT_NETWORK_LIB -DQT_GUI_LIB -DQT_CORE_LIB -I../qt/qt5.2/5.3/gcc_64/mkspecs/linux-g++ -I. -I../qt/qt5.2/5.3/gcc_64/include -I../qt/qt5.2/5.3/gcc_64/include/QtQuick -I../qt/qt5.2/5.3/gcc_64/include/QtQml -I../qt/qt5.2/5.3/gcc_64/include/QtNetwork -I../qt/qt5.2/5.3/gcc_64/include/QtGui -I../qt/qt5.2/5.3/gcc_64/include/QtCore -I. -o moc_squircle.o moc_squircle.cpp
g++ -Wl,-O1 -Wl,-rpath,/home/kakadu/mand/prog/qt/qt5.2/5.3/gcc_64 -Wl,-rpath,/home/kakadu/mand/prog/qt/qt5.2/5.3/gcc_64/lib -o openglunderqml squircle.o main.o qrc_openglunderqml.o moc_squircle.o   -L/home/kakadu/mand/prog/qt/qt5.2/5.3/gcc_64/lib -lQt5Quick -lQt5Qml -lQt5Network -lQt5Gui -lQt5Core -lGL -lpthread 
